// Jest Snapshot v1, https://goo.gl/fbAQLP

exports[`A Configurations controller (e2e) should create a configuration 1`] = `
{
  "key": "foo",
  "value": "bar",
}
`;

exports[`A Configurations controller (e2e) should return a configuration 1`] = `
{
  "key": "MyConfig",
  "value": "myValue",
}
`;

exports[`A Configurations controller (e2e) should return configurations 1`] = `
[
  {
    "key": "MyConfig",
    "value": "myValue",
  },
]
`;
